// Jest Snapshot v1, https://goo.gl/fbAQLP

exports[`Switch render should render the switch 1`] = `[Function]`;
